/home/peter/miniconda3/envs/Attention-stability/lib/python3.8/site-packages/timm/models/layers/__init__.py:49: FutureWarning: Importing from timm.models.layers is deprecated, please import via timm.layers
  warnings.warn(f"Importing from {__name__} is deprecated, please import via timm.layers", FutureWarning)
/home/peter/research/Mask2Former/mask2former/modeling/pixel_decoder/msdeformattn.py:314: FutureWarning: `torch.cuda.amp.autocast(args...)` is deprecated. Please use `torch.amp.autocast('cuda', args...)` instead.
  @autocast(enabled=False)
Loading config custom_configs/training/csfd_swinb_90k.yaml with yaml.unsafe_load. Your machine may be at risk if the file contains malicious content.
Loading config custom_configs/training/../../configs/cityscapes/semantic-segmentation/swin/../Base-Cityscapes-SemanticSegmentation.yaml with yaml.unsafe_load. Your machine may be at risk if the file contains malicious content.

=== Registering DG datasets (19-class Cityscapes label space) ===
[cityscapes] cityscapes_fine_sem_seg_train already registered by detectron2 builtin
[cityscapes] cityscapes_fine_sem_seg_val already registered by detectron2 builtin
[bdd100k] preparing labels...
[bdd100k] registered bdd100k_sem_seg_train (7000 samples)
[bdd100k] registered bdd100k_sem_seg_val (1000 samples)
[gta5] preparing labels...
[gta5] registered gta5_sem_seg_val (24966 samples)
[mapillary] preparing labels...
[mapillary] config_v2.0.json: matched 29/124 classes -> 19-class
[mapillary] removed existing registration for mapillary_vistas_sem_seg_train
[mapillary] removed existing registration for mapillary_vistas_sem_seg_val
[mapillary] registered mapillary_vistas_sem_seg_train (18000 samples)
[mapillary] registered mapillary_vistas_sem_seg_val (2000 samples)
[acdc] registered acdc_sem_seg_val
[acdc] registered acdc_fog_sem_seg_val
[acdc] registered acdc_night_sem_seg_val
[acdc] registered acdc_rain_sem_seg_val
[acdc] registered acdc_snow_sem_seg_val
=== Registration complete ===

[mask2former.datasets] Note: Could not import custom datasets: No module named 'mask2former.datasets'
Command Line Args: Namespace(config_file='custom_configs/training/csfd_swinb_90k.yaml', dist_url='tcp://127.0.0.1:50153', eval_only=True, machine_rank=0, num_gpus=1, num_machines=1, opts=['MODEL.CSFD.USE_GATE', 'False', 'MODEL.WEIGHTS', 'experiments/training_outputs/csfd_ablation_robust_only/model_final.pth', 'DATASETS.TEST', '("bdd100k_sem_seg_val",)', 'OUTPUT_DIR', 'experiments/ablation_results/robust_only'], resume=False)
[08/05 12:33:03 detectron2]: Rank of current process: 0. World size: 1
[08/05 12:33:03 detectron2]: Environment info:
-------------------------------  -----------------------------------------------------------------------------------------------------
sys.platform                     linux
Python                           3.8.20 (default, Oct  3 2024, 15:24:27) [GCC 11.2.0]
numpy                            1.24.4
detectron2                       0.6 @/home/peter/research/detectron2/detectron2
Compiler                         GCC 11.4
CUDA compiler                    CUDA 12.1
detectron2 arch flags            8.6
DETECTRON2_ENV_MODULE            <not set>
PyTorch                          2.4.0+cu121 @/home/peter/miniconda3/envs/Attention-stability/lib/python3.8/site-packages/torch
PyTorch debug build              False
torch._C._GLIBCXX_USE_CXX11_ABI  False
GPU available                    Yes
GPU 0                            NVIDIA GeForce RTX 3090 (arch=8.6)
Driver version                   591.86
CUDA_HOME                        /usr/local/cuda-12.1
TORCH_CUDA_ARCH_LIST             8.6
Pillow                           10.4.0
torchvision                      0.19.0+cu121 @/home/peter/miniconda3/envs/Attention-stability/lib/python3.8/site-packages/torchvision
torchvision arch flags           5.0, 6.0, 7.0, 7.5, 8.0, 8.6, 9.0
fvcore                           0.1.5.post20221221
iopath                           0.1.9
cv2                              4.13.0
-------------------------------  -----------------------------------------------------------------------------------------------------
PyTorch built with:
  - GCC 9.3
  - C++ Version: 201703
  - Intel(R) oneAPI Math Kernel Library Version 2022.2-Product Build 20220804 for Intel(R) 64 architecture applications
  - Intel(R) MKL-DNN v3.4.2 (Git Hash 1137e04ec0b5251ca2b4400a4fd3c667ce843d67)
  - OpenMP 201511 (a.k.a. OpenMP 4.5)
  - LAPACK is enabled (usually provided by MKL)
  - NNPACK is enabled
  - CPU capability usage: AVX2
  - CUDA Runtime 12.1
  - NVCC architecture flags: -gencode;arch=compute_50,code=sm_50;-gencode;arch=compute_60,code=sm_60;-gencode;arch=compute_70,code=sm_70;-gencode;arch=compute_75,code=sm_75;-gencode;arch=compute_80,code=sm_80;-gencode;arch=compute_86,code=sm_86;-gencode;arch=compute_90,code=sm_90
  - CuDNN 90.1  (built against CUDA 12.4)
  - Magma 2.6.1
  - Build settings: BLAS_INFO=mkl, BUILD_TYPE=Release, CUDA_VERSION=12.1, CUDNN_VERSION=9.1.0, CXX_COMPILER=/opt/rh/devtoolset-9/root/usr/bin/c++, CXX_FLAGS= -D_GLIBCXX_USE_CXX11_ABI=0 -fabi-version=11 -fvisibility-inlines-hidden -DUSE_PTHREADPOOL -DNDEBUG -DUSE_KINETO -DLIBKINETO_NOROCTRACER -DUSE_FBGEMM -DUSE_PYTORCH_QNNPACK -DUSE_XNNPACK -DSYMBOLICATE_MOBILE_DEBUG_HANDLE -O2 -fPIC -Wall -Wextra -Werror=return-type -Werror=non-virtual-dtor -Werror=bool-operation -Wnarrowing -Wno-missing-field-initializers -Wno-type-limits -Wno-array-bounds -Wno-unknown-pragmas -Wno-unused-parameter -Wno-unused-function -Wno-unused-result -Wno-strict-overflow -Wno-strict-aliasing -Wno-stringop-overflow -Wsuggest-override -Wno-psabi -Wno-error=pedantic -Wno-error=old-style-cast -Wno-missing-braces -fdiagnostics-color=always -faligned-new -Wno-unused-but-set-variable -Wno-maybe-uninitialized -fno-math-errno -fno-trapping-math -Werror=format -Wno-stringop-overflow, LAPACK_INFO=mkl, PERF_WITH_AVX=1, PERF_WITH_AVX2=1, PERF_WITH_AVX512=1, TORCH_VERSION=2.4.0, USE_CUDA=ON, USE_CUDNN=ON, USE_CUSPARSELT=1, USE_EXCEPTION_PTR=1, USE_GFLAGS=OFF, USE_GLOG=OFF, USE_GLOO=ON, USE_MKL=ON, USE_MKLDNN=ON, USE_MPI=OFF, USE_NCCL=1, USE_NNPACK=ON, USE_OPENMP=ON, USE_ROCM=OFF, USE_ROCM_KERNEL_ASSERT=OFF, 

[08/05 12:33:03 detectron2]: Command line arguments: Namespace(config_file='custom_configs/training/csfd_swinb_90k.yaml', dist_url='tcp://127.0.0.1:50153', eval_only=True, machine_rank=0, num_gpus=1, num_machines=1, opts=['MODEL.CSFD.USE_GATE', 'False', 'MODEL.WEIGHTS', 'experiments/training_outputs/csfd_ablation_robust_only/model_final.pth', 'DATASETS.TEST', '("bdd100k_sem_seg_val",)', 'OUTPUT_DIR', 'experiments/ablation_results/robust_only'], resume=False)
[08/05 12:33:03 detectron2]: Contents of args.config_file=custom_configs/training/csfd_swinb_90k.yaml:
_BASE_: "../../configs/cityscapes/semantic-segmentation/swin/maskformer2_swin_base_IN21k_384_bs16_90k.yaml"
 
MODEL:
  BACKBONE:
    FREEZE_AT: 0
  WEIGHTS: "pretrained_weights/swin_base_patch4_window12_384_22k.pkl"
  SWIN:
    PRETRAIN_IMG_SIZE: 384
    WINDOW_SIZE: 12
    EMBED_DIM: 128
    DEPTHS: [2, 2, 18, 2]
    NUM_HEADS: [4, 8, 16, 32]
  MASK_FORMER:
    DEC_LAYERS: 10
  CSFD:
    ENABLED: True
    KERNEL_SIZE: 7
    INIT_SIGMA: 2.0
    REDUCTION: 4
 
SOLVER:
  IMS_PER_BATCH: 4
  BASE_LR: 0.0001
  WEIGHT_DECAY: 0.05
  MAX_ITER: 90000
  LR_SCHEDULER_NAME: "WarmupPolyLR"
  WARMUP_FACTOR: 1.0
  WARMUP_ITERS: 0
  POLY_LR_POWER: 0.9
  POLY_LR_CONSTANT_ENDING: 0.0
 
INPUT:
  MIN_SIZE_TRAIN: !!python/object/apply:eval ["[int(x * 0.1 * 1024) for x in range(5, 21)]"]
  MIN_SIZE_TRAIN_SAMPLING: "choice"
  MIN_SIZE_TEST: 1024
  MAX_SIZE_TRAIN: 4096
  MAX_SIZE_TEST: 2048
  CROP:
    ENABLED: True
    TYPE: "absolute"
    SIZE: (512, 1024)
    SINGLE_CATEGORY_MAX_AREA: 1.0
  COLOR_AUG_SSD: True
  FORMAT: "RGB"
 
DATALOADER:
  NUM_WORKERS: 4
 
OUTPUT_DIR: "experiments/training_outputs/csfd_swinb_90k"

[08/05 12:33:04 detectron2]: Running with full config:
CUDNN_BENCHMARK: false
DATALOADER:
  ASPECT_RATIO_GROUPING: true
  FILTER_EMPTY_ANNOTATIONS: true
  NUM_WORKERS: 4
  REPEAT_SQRT: true
  REPEAT_THRESHOLD: 0.0
  SAMPLER_TRAIN: TrainingSampler
DATASETS:
  PRECOMPUTED_PROPOSAL_TOPK_TEST: 1000
  PRECOMPUTED_PROPOSAL_TOPK_TRAIN: 2000
  PROPOSAL_FILES_TEST: []
  PROPOSAL_FILES_TRAIN: []
  TEST:
  - bdd100k_sem_seg_val
  TRAIN:
  - cityscapes_fine_sem_seg_train
FLOAT32_PRECISION: ''
GLOBAL:
  HACK: 1.0
INPUT:
  COLOR_AUG_SSD: true
  CROP:
    ENABLED: true
    SINGLE_CATEGORY_MAX_AREA: 1.0
    SIZE:
    - 512
    - 1024
    TYPE: absolute
  DATASET_MAPPER_NAME: mask_former_semantic
  FORMAT: RGB
  IMAGE_SIZE: 1024
  MASK_FORMAT: polygon
  MAX_SCALE: 2.0
  MAX_SIZE_TEST: 2048
  MAX_SIZE_TRAIN: 4096
  MIN_SCALE: 0.1
  MIN_SIZE_TEST: 1024
  MIN_SIZE_TRAIN:
  - 512
  - 614
  - 716
  - 819
  - 921
  - 1024
  - 1126
  - 1228
  - 1331
  - 1433
  - 1536
  - 1638
  - 1740
  - 1843
  - 1945
  - 2048
  MIN_SIZE_TRAIN_SAMPLING: choice
  RANDOM_FLIP: horizontal
  SIZE_DIVISIBILITY: -1
MODEL:
  ANCHOR_GENERATOR:
    ANGLES:
    - - -90
      - 0
      - 90
    ASPECT_RATIOS:
    - - 0.5
      - 1.0
      - 2.0
    NAME: DefaultAnchorGenerator
    OFFSET: 0.0
    SIZES:
    - - 32
      - 64
      - 128
      - 256
      - 512
  BACKBONE:
    FREEZE_AT: 0
    NAME: D2SwinTransformer
  CSFD:
    ENABLED: true
    INIT_SIGMA: 2.0
    KERNEL_SIZE: 7
    REDUCTION: 4
    STYLE_AUG:
      ENABLED: false
      MODE: full
      PROB: 0.5
      SEVERITY: 1.0
    USE_GATE: false
    USE_ROBUSTIFIER: true
  DEVICE: cuda
  FPN:
    FUSE_TYPE: sum
    IN_FEATURES: []
    NORM: ''
    OUT_CHANNELS: 256
  KEYPOINT_ON: false
  LOAD_PROPOSALS: false
  MASK_FORMER:
    CLASS_WEIGHT: 2.0
    DEC_LAYERS: 10
    DEEP_SUPERVISION: true
    DICE_WEIGHT: 5.0
    DIM_FEEDFORWARD: 2048
    DROPOUT: 0.0
    ENC_LAYERS: 0
    ENFORCE_INPUT_PROJ: false
    HIDDEN_DIM: 256
    IMPORTANCE_SAMPLE_RATIO: 0.75
    MASK_WEIGHT: 5.0
    NHEADS: 8
    NO_OBJECT_WEIGHT: 0.1
    NUM_OBJECT_QUERIES: 100
    OVERSAMPLE_RATIO: 3.0
    PRE_NORM: false
    SIZE_DIVISIBILITY: 32
    TEST:
      INSTANCE_ON: false
      OBJECT_MASK_THRESHOLD: 0.8
      OVERLAP_THRESHOLD: 0.8
      PANOPTIC_ON: false
      SEMANTIC_ON: true
      SEM_SEG_POSTPROCESSING_BEFORE_INFERENCE: false
    TRAIN_NUM_POINTS: 12544
    TRANSFORMER_DECODER_NAME: MultiScaleMaskedTransformerDecoder
    TRANSFORMER_IN_FEATURE: multi_scale_pixel_decoder
  MASK_ON: false
  META_ARCHITECTURE: MaskFormer
  PANOPTIC_FPN:
    COMBINE:
      ENABLED: true
      INSTANCES_CONFIDENCE_THRESH: 0.5
      OVERLAP_THRESH: 0.5
      STUFF_AREA_LIMIT: 4096
    INSTANCE_LOSS_WEIGHT: 1.0
  PIXEL_MEAN:
  - 123.675
  - 116.28
  - 103.53
  PIXEL_STD:
  - 58.395
  - 57.12
  - 57.375
  PROPOSAL_GENERATOR:
    MIN_SIZE: 0
    NAME: RPN
  RESNETS:
    DEFORM_MODULATED: false
    DEFORM_NUM_GROUPS: 1
    DEFORM_ON_PER_STAGE:
    - false
    - false
    - false
    - false
    DEPTH: 50
    NORM: SyncBN
    NUM_GROUPS: 1
    OUT_FEATURES:
    - res2
    - res3
    - res4
    - res5
    RES2_OUT_CHANNELS: 256
    RES4_DILATION: 1
    RES5_DILATION: 1
    RES5_MULTI_GRID:
    - 1
    - 1
    - 1
    STEM_OUT_CHANNELS: 64
    STEM_TYPE: basic
    STRIDE_IN_1X1: false
    WIDTH_PER_GROUP: 64
  RETINANET:
    BBOX_REG_LOSS_TYPE: smooth_l1
    BBOX_REG_WEIGHTS: &id002
    - 1.0
    - 1.0
    - 1.0
    - 1.0
    FOCAL_LOSS_ALPHA: 0.25
    FOCAL_LOSS_GAMMA: 2.0
    IN_FEATURES:
    - p3
    - p4
    - p5
    - p6
    - p7
    IOU_LABELS:
    - 0
    - -1
    - 1
    IOU_THRESHOLDS:
    - 0.4
    - 0.5
    NMS_THRESH_TEST: 0.5
    NORM: ''
    NUM_CLASSES: 80
    NUM_CONVS: 4
    PRIOR_PROB: 0.01
    SCORE_THRESH_TEST: 0.05
    SMOOTH_L1_LOSS_BETA: 0.1
    TOPK_CANDIDATES_TEST: 1000
  ROI_BOX_CASCADE_HEAD:
    BBOX_REG_WEIGHTS:
    - &id001
      - 10.0
      - 10.0
      - 5.0
      - 5.0
    - - 20.0
      - 20.0
      - 10.0
      - 10.0
    - - 30.0
      - 30.0
      - 15.0
      - 15.0
    IOUS:
    - 0.5
    - 0.6
    - 0.7
  ROI_BOX_HEAD:
    BBOX_REG_LOSS_TYPE: smooth_l1
    BBOX_REG_LOSS_WEIGHT: 1.0
    BBOX_REG_WEIGHTS: *id001
    CLS_AGNOSTIC_BBOX_REG: false
    CONV_DIM: 256
    FC_DIM: 1024
    FED_LOSS_FREQ_WEIGHT_POWER: 0.5
    FED_LOSS_NUM_CLASSES: 50
    NAME: ''
    NORM: ''
    NUM_CONV: 0
    NUM_FC: 0
    POOLER_RESOLUTION: 14
    POOLER_SAMPLING_RATIO: 0
    POOLER_TYPE: ROIAlignV2
    SMOOTH_L1_BETA: 0.0
    TRAIN_ON_PRED_BOXES: false
    USE_FED_LOSS: false
    USE_SIGMOID_CE: false
  ROI_HEADS:
    BATCH_SIZE_PER_IMAGE: 512
    IN_FEATURES:
    - res4
    IOU_LABELS:
    - 0
    - 1
    IOU_THRESHOLDS:
    - 0.5
    NAME: Res5ROIHeads
    NMS_THRESH_TEST: 0.5
    NUM_CLASSES: 80
    POSITIVE_FRACTION: 0.25
    PROPOSAL_APPEND_GT: true
    SCORE_THRESH_TEST: 0.05
  ROI_KEYPOINT_HEAD:
    CONV_DIMS:
    - 512
    - 512
    - 512
    - 512
    - 512
    - 512
    - 512
    - 512
    LOSS_WEIGHT: 1.0
    MIN_KEYPOINTS_PER_IMAGE: 1
    NAME: KRCNNConvDeconvUpsampleHead
    NORMALIZE_LOSS_BY_VISIBLE_KEYPOINTS: true
    NUM_KEYPOINTS: 17
    POOLER_RESOLUTION: 14
    POOLER_SAMPLING_RATIO: 0
    POOLER_TYPE: ROIAlignV2
  ROI_MASK_HEAD:
    CLS_AGNOSTIC_MASK: false
    CONV_DIM: 256
    NAME: MaskRCNNConvUpsampleHead
    NORM: ''
    NUM_CONV: 0
    POOLER_RESOLUTION: 14
    POOLER_SAMPLING_RATIO: 0
    POOLER_TYPE: ROIAlignV2
  RPN:
    BATCH_SIZE_PER_IMAGE: 256
    BBOX_REG_LOSS_TYPE: smooth_l1
    BBOX_REG_LOSS_WEIGHT: 1.0
    BBOX_REG_WEIGHTS: *id002
    BOUNDARY_THRESH: -1
    CONV_DIMS:
    - -1
    HEAD_NAME: StandardRPNHead
    IN_FEATURES:
    - res4
    IOU_LABELS:
    - 0
    - -1
    - 1
    IOU_THRESHOLDS:
    - 0.3
    - 0.7
    LOSS_WEIGHT: 1.0
    NMS_THRESH: 0.7
    POSITIVE_FRACTION: 0.5
    POST_NMS_TOPK_TEST: 1000
    POST_NMS_TOPK_TRAIN: 2000
    PRE_NMS_TOPK_TEST: 6000
    PRE_NMS_TOPK_TRAIN: 12000
    SMOOTH_L1_BETA: 0.0
  SEM_SEG_HEAD:
    ASPP_CHANNELS: 256
    ASPP_DILATIONS:
    - 6
    - 12
    - 18
    ASPP_DROPOUT: 0.1
    COMMON_STRIDE: 4
    CONVS_DIM: 256
    DEFORMABLE_TRANSFORMER_ENCODER_IN_FEATURES:
    - res3
    - res4
    - res5
    DEFORMABLE_TRANSFORMER_ENCODER_N_HEADS: 8
    DEFORMABLE_TRANSFORMER_ENCODER_N_POINTS: 4
    IGNORE_VALUE: 255
    IN_FEATURES:
    - res2
    - res3
    - res4
    - res5
    LOSS_TYPE: hard_pixel_mining
    LOSS_WEIGHT: 1.0
    MASK_DIM: 256
    NAME: MaskFormerHead
    NORM: GN
    NUM_CLASSES: 19
    PIXEL_DECODER_NAME: MSDeformAttnPixelDecoder
    PROJECT_CHANNELS:
    - 48
    PROJECT_FEATURES:
    - res2
    TRANSFORMER_ENC_LAYERS: 6
    USE_DEPTHWISE_SEPARABLE_CONV: false
  SWIN:
    APE: false
    ATTN_DROP_RATE: 0.0
    DEPTHS:
    - 2
    - 2
    - 18
    - 2
    DROP_PATH_RATE: 0.3
    DROP_RATE: 0.0
    EMBED_DIM: 128
    MLP_RATIO: 4.0
    NUM_HEADS:
    - 4
    - 8
    - 16
    - 32
    OUT_FEATURES:
    - res2
    - res3
    - res4
    - res5
    PATCH_NORM: true
    PATCH_SIZE: 4
    PRETRAIN_IMG_SIZE: 384
    QKV_BIAS: true
    QK_SCALE: null
    USE_CHECKPOINT: false
    WINDOW_SIZE: 12
  WEIGHTS: experiments/training_outputs/csfd_ablation_robust_only/model_final.pth
OUTPUT_DIR: experiments/ablation_results/robust_only
SEED: -1
SOLVER:
  AMP:
    ENABLED: true
  BACKBONE_MULTIPLIER: 0.1
  BASE_LR: 0.0001
  BASE_LR_END: 0.0
  BIAS_LR_FACTOR: 1.0
  CHECKPOINT_PERIOD: 5000
  CLIP_GRADIENTS:
    CLIP_TYPE: full_model
    CLIP_VALUE: 0.01
    ENABLED: true
    NORM_TYPE: 2.0
  GAMMA: 0.1
  IMS_PER_BATCH: 4
  LR_SCHEDULER_NAME: WarmupPolyLR
  MAX_ITER: 90000
  MOMENTUM: 0.9
  NESTEROV: false
  NUM_DECAYS: 3
  OPTIMIZER: ADAMW
  POLY_LR_CONSTANT_ENDING: 0.0
  POLY_LR_POWER: 0.9
  REFERENCE_WORLD_SIZE: 0
  RESCALE_INTERVAL: false
  STEPS:
  - 30000
  WARMUP_FACTOR: 1.0
  WARMUP_ITERS: 0
  WARMUP_METHOD: linear
  WEIGHT_DECAY: 0.05
  WEIGHT_DECAY_BIAS: null
  WEIGHT_DECAY_EMBED: 0.0
  WEIGHT_DECAY_NORM: 0.0
TEST:
  AUG:
    ENABLED: false
    FLIP: true
    MAX_SIZE: 4096
    MIN_SIZES:
    - 512
    - 768
    - 1024
    - 1280
    - 1536
    - 1792
  DETECTIONS_PER_IMAGE: 100
  EVAL_PERIOD: 5000
  EXPECTED_RESULTS: []
  KEYPOINT_OKS_SIGMAS: []
  PRECISE_BN:
    ENABLED: false
    NUM_ITER: 200
VERSION: 2
VIS_PERIOD: 0

[08/05 12:33:04 detectron2]: Full config saved to experiments/ablation_results/robust_only/config.yaml
[08/05 12:33:04 d2.utils.env]: Using a generated random seed 6341611
[08/05 12:33:04 mask2former.modeling.meta_arch.mask_former_head]: [CSFD] Enabled: kernel_size=7, params=179,457
[08/05 12:33:05 d2.engine.defaults]: Model:
MaskFormer(
  (backbone): D2SwinTransformer(
    (patch_embed): PatchEmbed(
      (proj): Conv2d(3, 128, kernel_size=(4, 4), stride=(4, 4))
      (norm): LayerNorm((128,), eps=1e-05, elementwise_affine=True)
    )
    (pos_drop): Dropout(p=0.0, inplace=False)
    (layers): ModuleList(
      (0): BasicLayer(
        (blocks): ModuleList(
          (0): SwinTransformerBlock(
            (norm1): LayerNorm((128,), eps=1e-05, elementwise_affine=True)
            (attn): WindowAttention(
              (qkv): Linear(in_features=128, out_features=384, bias=True)
              (attn_drop): Dropout(p=0.0, inplace=False)
              (proj): Linear(in_features=128, out_features=128, bias=True)
              (proj_drop): Dropout(p=0.0, inplace=False)
              (softmax): Softmax(dim=-1)
            )
            (drop_path): Identity()
            (norm2): LayerNorm((128,), eps=1e-05, elementwise_affine=True)
            (mlp): Mlp(
              (fc1): Linear(in_features=128, out_features=512, bias=True)
              (act): GELU(approximate='none')
              (fc2): Linear(in_features=512, out_features=128, bias=True)
              (drop): Dropout(p=0.0, inplace=False)
            )
          )
          (1): SwinTransformerBlock(
            (norm1): LayerNorm((128,), eps=1e-05, elementwise_affine=True)
            (attn): WindowAttention(
              (qkv): Linear(in_features=128, out_features=384, bias=True)
              (attn_drop): Dropout(p=0.0, inplace=False)
              (proj): Linear(in_features=128, out_features=128, bias=True)
              (proj_drop): Dropout(p=0.0, inplace=False)
              (softmax): Softmax(dim=-1)
            )
            (drop_path): DropPath(drop_prob=0.013)
            (norm2): LayerNorm((128,), eps=1e-05, elementwise_affine=True)
            (mlp): Mlp(
              (fc1): Linear(in_features=128, out_features=512, bias=True)
              (act): GELU(approximate='none')
              (fc2): Linear(in_features=512, out_features=128, bias=True)
              (drop): Dropout(p=0.0, inplace=False)
            )
          )
        )
        (downsample): PatchMerging(
          (reduction): Linear(in_features=512, out_features=256, bias=False)
          (norm): LayerNorm((512,), eps=1e-05, elementwise_affine=True)
        )
      )
      (1): BasicLayer(
        (blocks): ModuleList(
          (0): SwinTransformerBlock(
            (norm1): LayerNorm((256,), eps=1e-05, elementwise_affine=True)
            (attn): WindowAttention(
              (qkv): Linear(in_features=256, out_features=768, bias=True)
              (attn_drop): Dropout(p=0.0, inplace=False)
              (proj): Linear(in_features=256, out_features=256, bias=True)
              (proj_drop): Dropout(p=0.0, inplace=False)
              (softmax): Softmax(dim=-1)
            )
            (drop_path): DropPath(drop_prob=0.026)
            (norm2): LayerNorm((256,), eps=1e-05, elementwise_affine=True)
            (mlp): Mlp(
              (fc1): Linear(in_features=256, out_features=1024, bias=True)
              (act): GELU(approximate='none')
              (fc2): Linear(in_features=1024, out_features=256, bias=True)
              (drop): Dropout(p=0.0, inplace=False)
            )
          )
          (1): SwinTransformerBlock(
            (norm1): LayerNorm((256,), eps=1e-05, elementwise_affine=True)
            (attn): WindowAttention(
              (qkv): Linear(in_features=256, out_features=768, bias=True)
              (attn_drop): Dropout(p=0.0, inplace=False)
              (proj): Linear(in_features=256, out_features=256, bias=True)
              (proj_drop): Dropout(p=0.0, inplace=False)
              (softmax): Softmax(dim=-1)
            )
            (drop_path): DropPath(drop_prob=0.039)
            (norm2): LayerNorm((256,), eps=1e-05, elementwise_affine=True)
            (mlp): Mlp(
              (fc1): Linear(in_features=256, out_features=1024, bias=True)
              (act): GELU(approximate='none')
              (fc2): Linear(in_features=1024, out_features=256, bias=True)
              (drop): Dropout(p=0.0, inplace=False)
            )
          )
        )
        (downsample): PatchMerging(
          (reduction): Linear(in_features=1024, out_features=512, bias=False)
          (norm): LayerNorm((1024,), eps=1e-05, elementwise_affine=True)
        )
      )
      (2): BasicLayer(
        (blocks): ModuleList(
          (0): SwinTransformerBlock(
            (norm1): LayerNorm((512,), eps=1e-05, elementwise_affine=True)
            (attn): WindowAttention(
              (qkv): Linear(in_features=512, out_features=1536, bias=True)
              (attn_drop): Dropout(p=0.0, inplace=False)
              (proj): Linear(in_features=512, out_features=512, bias=True)
              (proj_drop): Dropout(p=0.0, inplace=False)
              (softmax): Softmax(dim=-1)
            )
            (drop_path): DropPath(drop_prob=0.052)
            (norm2): LayerNorm((512,), eps=1e-05, elementwise_affine=True)
            (mlp): Mlp(
              (fc1): Linear(in_features=512, out_features=2048, bias=True)
              (act): GELU(approximate='none')
              (fc2): Linear(in_features=2048, out_features=512, bias=True)
              (drop): Dropout(p=0.0, inplace=False)
            )
          )
          (1): SwinTransformerBlock(
            (norm1): LayerNorm((512,), eps=1e-05, elementwise_affine=True)
            (attn): WindowAttention(
              (qkv): Linear(in_features=512, out_features=1536, bias=True)
              (attn_drop): Dropout(p=0.0, inplace=False)
              (proj): Linear(in_features=512, out_features=512, bias=True)
              (proj_drop): Dropout(p=0.0, inplace=False)
              (softmax): Softmax(dim=-1)
            )
            (drop_path): DropPath(drop_prob=0.065)
            (norm2): LayerNorm((512,), eps=1e-05, elementwise_affine=True)
            (mlp): Mlp(
              (fc1): Linear(in_features=512, out_features=2048, bias=True)
              (act): GELU(approximate='none')
              (fc2): Linear(in_features=2048, out_features=512, bias=True)
              (drop): Dropout(p=0.0, inplace=False)
            )
          )
          (2): SwinTransformerBlock(
            (norm1): LayerNorm((512,), eps=1e-05, elementwise_affine=True)
            (attn): WindowAttention(
              (qkv): Linear(in_features=512, out_features=1536, bias=True)
              (attn_drop): Dropout(p=0.0, inplace=False)
              (proj): Linear(in_features=512, out_features=512, bias=True)
              (proj_drop): Dropout(p=0.0, inplace=False)
              (softmax): Softmax(dim=-1)
            )
            (drop_path): DropPath(drop_prob=0.078)
            (norm2): LayerNorm((512,), eps=1e-05, elementwise_affine=True)
            (mlp): Mlp(
              (fc1): Linear(in_features=512, out_features=2048, bias=True)
              (act): GELU(approximate='none')
              (fc2): Linear(in_features=2048, out_features=512, bias=True)
              (drop): Dropout(p=0.0, inplace=False)
            )
          )
          (3): SwinTransformerBlock(
            (norm1): LayerNorm((512,), eps=1e-05, elementwise_affine=True)
            (attn): WindowAttention(
              (qkv): Linear(in_features=512, out_features=1536, bias=True)
              (attn_drop): Dropout(p=0.0, inplace=False)
              (proj): Linear(in_features=512, out_features=512, bias=True)
              (proj_drop): Dropout(p=0.0, inplace=False)
              (softmax): Softmax(dim=-1)
            )
            (drop_path): DropPath(drop_prob=0.091)
            (norm2): LayerNorm((512,), eps=1e-05, elementwise_affine=True)
            (mlp): Mlp(
              (fc1): Linear(in_features=512, out_features=2048, bias=True)
              (act): GELU(approximate='none')
              (fc2): Linear(in_features=2048, out_features=512, bias=True)
              (drop): Dropout(p=0.0, inplace=False)
            )
          )
          (4): SwinTransformerBlock(
            (norm1): LayerNorm((512,), eps=1e-05, elementwise_affine=True)
            (attn): WindowAttention(
              (qkv): Linear(in_features=512, out_features=1536, bias=True)
              (attn_drop): Dropout(p=0.0, inplace=False)
              (proj): Linear(in_features=512, out_features=512, bias=True)
              (proj_drop): Dropout(p=0.0, inplace=False)
              (softmax): Softmax(dim=-1)
            )
            (drop_path): DropPath(drop_prob=0.104)
            (norm2): LayerNorm((512,), eps=1e-05, elementwise_affine=True)
            (mlp): Mlp(
              (fc1): Linear(in_features=512, out_features=2048, bias=True)
              (act): GELU(approximate='none')
              (fc2): Linear(in_features=2048, out_features=512, bias=True)
              (drop): Dropout(p=0.0, inplace=False)
            )
          )
          (5): SwinTransformerBlock(
            (norm1): LayerNorm((512,), eps=1e-05, elementwise_affine=True)
            (attn): WindowAttention(
              (qkv): Linear(in_features=512, out_features=1536, bias=True)
              (attn_drop): Dropout(p=0.0, inplace=False)
              (proj): Linear(in_features=512, out_features=512, bias=True)
              (proj_drop): Dropout(p=0.0, inplace=False)
              (softmax): Softmax(dim=-1)
            )
            (drop_path): DropPath(drop_prob=0.117)
            (norm2): LayerNorm((512,), eps=1e-05, elementwise_affine=True)
            (mlp): Mlp(
              (fc1): Linear(in_features=512, out_features=2048, bias=True)
              (act): GELU(approximate='none')
              (fc2): Linear(in_features=2048, out_features=512, bias=True)
              (drop): Dropout(p=0.0, inplace=False)
            )
          )
          (6): SwinTransformerBlock(
            (norm1): LayerNorm((512,), eps=1e-05, elementwise_affine=True)
            (attn): WindowAttention(
              (qkv): Linear(in_features=512, out_features=1536, bias=True)
              (attn_drop): Dropout(p=0.0, inplace=False)
              (proj): Linear(in_features=512, out_features=512, bias=True)
              (proj_drop): Dropout(p=0.0, inplace=False)
              (softmax): Softmax(dim=-1)
            )
            (drop_path): DropPath(drop_prob=0.130)
            (norm2): LayerNorm((512,), eps=1e-05, elementwise_affine=True)
            (mlp): Mlp(
              (fc1): Linear(in_features=512, out_features=2048, bias=True)
              (act): GELU(approximate='none')
              (fc2): Linear(in_features=2048, out_features=512, bias=True)
              (drop): Dropout(p=0.0, inplace=False)
            )
          )
          (7): SwinTransformerBlock(
            (norm1): LayerNorm((512,), eps=1e-05, elementwise_affine=True)
            (attn): WindowAttention(
              (qkv): Linear(in_features=512, out_features=1536, bias=True)
              (attn_drop): Dropout(p=0.0, inplace=False)
              (proj): Linear(in_features=512, out_features=512, bias=True)
              (proj_drop): Dropout(p=0.0, inplace=False)
              (softmax): Softmax(dim=-1)
            )
            (drop_path): DropPath(drop_prob=0.143)
            (norm2): LayerNorm((512,), eps=1e-05, elementwise_affine=True)
            (mlp): Mlp(
              (fc1): Linear(in_features=512, out_features=2048, bias=True)
              (act): GELU(approximate='none')
              (fc2): Linear(in_features=2048, out_features=512, bias=True)
              (drop): Dropout(p=0.0, inplace=False)
            )
          )
          (8): SwinTransformerBlock(
            (norm1): LayerNorm((512,), eps=1e-05, elementwise_affine=True)
            (attn): WindowAttention(
              (qkv): Linear(in_features=512, out_features=1536, bias=True)
              (attn_drop): Dropout(p=0.0, inplace=False)
              (proj): Linear(in_features=512, out_features=512, bias=True)
              (proj_drop): Dropout(p=0.0, inplace=False)
              (softmax): Softmax(dim=-1)
            )
            (drop_path): DropPath(drop_prob=0.157)
            (norm2): LayerNorm((512,), eps=1e-05, elementwise_affine=True)
            (mlp): Mlp(
              (fc1): Linear(in_features=512, out_features=2048, bias=True)
              (act): GELU(approximate='none')
              (fc2): Linear(in_features=2048, out_features=512, bias=True)
              (drop): Dropout(p=0.0, inplace=False)
            )
          )
          (9): SwinTransformerBlock(
            (norm1): LayerNorm((512,), eps=1e-05, elementwise_affine=True)
            (attn): WindowAttention(
              (qkv): Linear(in_features=512, out_features=1536, bias=True)
              (attn_drop): Dropout(p=0.0, inplace=False)
              (proj): Linear(in_features=512, out_features=512, bias=True)
              (proj_drop): Dropout(p=0.0, inplace=False)
              (softmax): Softmax(dim=-1)
            )
            (drop_path): DropPath(drop_prob=0.170)
            (norm2): LayerNorm((512,), eps=1e-05, elementwise_affine=True)
            (mlp): Mlp(
              (fc1): Linear(in_features=512, out_features=2048, bias=True)
              (act): GELU(approximate='none')
              (fc2): Linear(in_features=2048, out_features=512, bias=True)
              (drop): Dropout(p=0.0, inplace=False)
            )
          )
          (10): SwinTransformerBlock(
            (norm1): LayerNorm((512,), eps=1e-05, elementwise_affine=True)
            (attn): WindowAttention(
              (qkv): Linear(in_features=512, out_features=1536, bias=True)
              (attn_drop): Dropout(p=0.0, inplace=False)
              (proj): Linear(in_features=512, out_features=512, bias=True)
              (proj_drop): Dropout(p=0.0, inplace=False)
              (softmax): Softmax(dim=-1)
            )
            (drop_path): DropPath(drop_prob=0.183)
            (norm2): LayerNorm((512,), eps=1e-05, elementwise_affine=True)
            (mlp): Mlp(
              (fc1): Linear(in_features=512, out_features=2048, bias=True)
              (act): GELU(approximate='none')
              (fc2): Linear(in_features=2048, out_features=512, bias=True)
              (drop): Dropout(p=0.0, inplace=False)
            )
          )
          (11): SwinTransformerBlock(
            (norm1): LayerNorm((512,), eps=1e-05, elementwise_affine=True)
            (attn): WindowAttention(
              (qkv): Linear(in_features=512, out_features=1536, bias=True)
              (attn_drop): Dropout(p=0.0, inplace=False)
              (proj): Linear(in_features=512, out_features=512, bias=True)
              (proj_drop): Dropout(p=0.0, inplace=False)
              (softmax): Softmax(dim=-1)
            )
            (drop_path): DropPath(drop_prob=0.196)
            (norm2): LayerNorm((512,), eps=1e-05, elementwise_affine=True)
            (mlp): Mlp(
              (fc1): Linear(in_features=512, out_features=2048, bias=True)
              (act): GELU(approximate='none')
              (fc2): Linear(in_features=2048, out_features=512, bias=True)
              (drop): Dropout(p=0.0, inplace=False)
            )
          )
          (12): SwinTransformerBlock(
            (norm1): LayerNorm((512,), eps=1e-05, elementwise_affine=True)
            (attn): WindowAttention(
              (qkv): Linear(in_features=512, out_features=1536, bias=True)
              (attn_drop): Dropout(p=0.0, inplace=False)
              (proj): Linear(in_features=512, out_features=512, bias=True)
              (proj_drop): Dropout(p=0.0, inplace=False)
              (softmax): Softmax(dim=-1)
            )
            (drop_path): DropPath(drop_prob=0.209)
            (norm2): LayerNorm((512,), eps=1e-05, elementwise_affine=True)
            (mlp): Mlp(
              (fc1): Linear(in_features=512, out_features=2048, bias=True)
              (act): GELU(approximate='none')
              (fc2): Linear(in_features=2048, out_features=512, bias=True)
              (drop): Dropout(p=0.0, inplace=False)
            )
          )
          (13): SwinTransformerBlock(
            (norm1): LayerNorm((512,), eps=1e-05, elementwise_affine=True)
            (attn): WindowAttention(
              (qkv): Linear(in_features=512, out_features=1536, bias=True)
              (attn_drop): Dropout(p=0.0, inplace=False)
              (proj): Linear(in_features=512, out_features=512, bias=True)
              (proj_drop): Dropout(p=0.0, inplace=False)
              (softmax): Softmax(dim=-1)
            )
            (drop_path): DropPath(drop_prob=0.222)
            (norm2): LayerNorm((512,), eps=1e-05, elementwise_affine=True)
            (mlp): Mlp(
              (fc1): Linear(in_features=512, out_features=2048, bias=True)
              (act): GELU(approximate='none')
              (fc2): Linear(in_features=2048, out_features=512, bias=True)
              (drop): Dropout(p=0.0, inplace=False)
            )
          )
          (14): SwinTransformerBlock(
            (norm1): LayerNorm((512,), eps=1e-05, elementwise_affine=True)
            (attn): WindowAttention(
              (qkv): Linear(in_features=512, out_features=1536, bias=True)
              (attn_drop): Dropout(p=0.0, inplace=False)
              (proj): Linear(in_features=512, out_features=512, bias=True)
              (proj_drop): Dropout(p=0.0, inplace=False)
              (softmax): Softmax(dim=-1)
            )
            (drop_path): DropPath(drop_prob=0.235)
            (norm2): LayerNorm((512,), eps=1e-05, elementwise_affine=True)
            (mlp): Mlp(
              (fc1): Linear(in_features=512, out_features=2048, bias=True)
              (act): GELU(approximate='none')
              (fc2): Linear(in_features=2048, out_features=512, bias=True)
              (drop): Dropout(p=0.0, inplace=False)
            )
          )
          (15): SwinTransformerBlock(
            (norm1): LayerNorm((512,), eps=1e-05, elementwise_affine=True)
            (attn): WindowAttention(
              (qkv): Linear(in_features=512, out_features=1536, bias=True)
              (attn_drop): Dropout(p=0.0, inplace=False)
              (proj): Linear(in_features=512, out_features=512, bias=True)
              (proj_drop): Dropout(p=0.0, inplace=False)
              (softmax): Softmax(dim=-1)
            )
            (drop_path): DropPath(drop_prob=0.248)
            (norm2): LayerNorm((512,), eps=1e-05, elementwise_affine=True)
            (mlp): Mlp(
              (fc1): Linear(in_features=512, out_features=2048, bias=True)
              (act): GELU(approximate='none')
              (fc2): Linear(in_features=2048, out_features=512, bias=True)
              (drop): Dropout(p=0.0, inplace=False)
            )
          )
          (16): SwinTransformerBlock(
            (norm1): LayerNorm((512,), eps=1e-05, elementwise_affine=True)
            (attn): WindowAttention(
              (qkv): Linear(in_features=512, out_features=1536, bias=True)
              (attn_drop): Dropout(p=0.0, inplace=False)
              (proj): Linear(in_features=512, out_features=512, bias=True)
              (proj_drop): Dropout(p=0.0, inplace=False)
              (softmax): Softmax(dim=-1)
            )
            (drop_path): DropPath(drop_prob=0.261)
            (norm2): LayerNorm((512,), eps=1e-05, elementwise_affine=True)
            (mlp): Mlp(
              (fc1): Linear(in_features=512, out_features=2048, bias=True)
              (act): GELU(approximate='none')
              (fc2): Linear(in_features=2048, out_features=512, bias=True)
              (drop): Dropout(p=0.0, inplace=False)
            )
          )
          (17): SwinTransformerBlock(
            (norm1): LayerNorm((512,), eps=1e-05, elementwise_affine=True)
            (attn): WindowAttention(
              (qkv): Linear(in_features=512, out_features=1536, bias=True)
              (attn_drop): Dropout(p=0.0, inplace=False)
              (proj): Linear(in_features=512, out_features=512, bias=True)
              (proj_drop): Dropout(p=0.0, inplace=False)
              (softmax): Softmax(dim=-1)
            )
            (drop_path): DropPath(drop_prob=0.274)
            (norm2): LayerNorm((512,), eps=1e-05, elementwise_affine=True)
            (mlp): Mlp(
              (fc1): Linear(in_features=512, out_features=2048, bias=True)
              (act): GELU(approximate='none')
              (fc2): Linear(in_features=2048, out_features=512, bias=True)
              (drop): Dropout(p=0.0, inplace=False)
            )
          )
        )
        (downsample): PatchMerging(
          (reduction): Linear(in_features=2048, out_features=1024, bias=False)
          (norm): LayerNorm((2048,), eps=1e-05, elementwise_affine=True)
        )
      )
      (3): BasicLayer(
        (blocks): ModuleList(
          (0): SwinTransformerBlock(
            (norm1): LayerNorm((1024,), eps=1e-05, elementwise_affine=True)
            (attn): WindowAttention(
              (qkv): Linear(in_features=1024, out_features=3072, bias=True)
              (attn_drop): Dropout(p=0.0, inplace=False)
              (proj): Linear(in_features=1024, out_features=1024, bias=True)
              (proj_drop): Dropout(p=0.0, inplace=False)
              (softmax): Softmax(dim=-1)
            )
            (drop_path): DropPath(drop_prob=0.287)
            (norm2): LayerNorm((1024,), eps=1e-05, elementwise_affine=True)
            (mlp): Mlp(
              (fc1): Linear(in_features=1024, out_features=4096, bias=True)
              (act): GELU(approximate='none')
              (fc2): Linear(in_features=4096, out_features=1024, bias=True)
              (drop): Dropout(p=0.0, inplace=False)
            )
          )
          (1): SwinTransformerBlock(
            (norm1): LayerNorm((1024,), eps=1e-05, elementwise_affine=True)
            (attn): WindowAttention(
              (qkv): Linear(in_features=1024, out_features=3072, bias=True)
              (attn_drop): Dropout(p=0.0, inplace=False)
              (proj): Linear(in_features=1024, out_features=1024, bias=True)
              (proj_drop): Dropout(p=0.0, inplace=False)
              (softmax): Softmax(dim=-1)
            )
            (drop_path): DropPath(drop_prob=0.300)
            (norm2): LayerNorm((1024,), eps=1e-05, elementwise_affine=True)
            (mlp): Mlp(
              (fc1): Linear(in_features=1024, out_features=4096, bias=True)
              (act): GELU(approximate='none')
              (fc2): Linear(in_features=4096, out_features=1024, bias=True)
              (drop): Dropout(p=0.0, inplace=False)
            )
          )
        )
      )
    )
    (norm0): LayerNorm((128,), eps=1e-05, elementwise_affine=True)
    (norm1): LayerNorm((256,), eps=1e-05, elementwise_affine=True)
    (norm2): LayerNorm((512,), eps=1e-05, elementwise_affine=True)
    (norm3): LayerNorm((1024,), eps=1e-05, elementwise_affine=True)
  )
  (sem_seg_head): MaskFormerHead(
    (pixel_decoder): MSDeformAttnPixelDecoder(
      (input_proj): ModuleList(
        (0): Sequential(
          (0): Conv2d(1024, 256, kernel_size=(1, 1), stride=(1, 1))
          (1): GroupNorm(32, 256, eps=1e-05, affine=True)
        )
        (1): Sequential(
          (0): Conv2d(512, 256, kernel_size=(1, 1), stride=(1, 1))
          (1): GroupNorm(32, 256, eps=1e-05, affine=True)
        )
        (2): Sequential(
          (0): Conv2d(256, 256, kernel_size=(1, 1), stride=(1, 1))
          (1): GroupNorm(32, 256, eps=1e-05, affine=True)
        )
      )
      (transformer): MSDeformAttnTransformerEncoderOnly(
        (encoder): MSDeformAttnTransformerEncoder(
          (layers): ModuleList(
            (0-5): 6 x MSDeformAttnTransformerEncoderLayer(
              (self_attn): MSDeformAttn(
                (sampling_offsets): Linear(in_features=256, out_features=192, bias=True)
                (attention_weights): Linear(in_features=256, out_features=96, bias=True)
                (value_proj): Linear(in_features=256, out_features=256, bias=True)
                (output_proj): Linear(in_features=256, out_features=256, bias=True)
              )
              (dropout1): Dropout(p=0.0, inplace=False)
              (norm1): LayerNorm((256,), eps=1e-05, elementwise_affine=True)
              (linear1): Linear(in_features=256, out_features=1024, bias=True)
              (dropout2): Dropout(p=0.0, inplace=False)
              (linear2): Linear(in_features=1024, out_features=256, bias=True)
              (dropout3): Dropout(p=0.0, inplace=False)
              (norm2): LayerNorm((256,), eps=1e-05, elementwise_affine=True)
            )
          )
        )
      )
      (pe_layer): Positional encoding PositionEmbeddingSine
          num_pos_feats: 128
          temperature: 10000
          normalize: True
          scale: 6.283185307179586
      (mask_features): Conv2d(256, 256, kernel_size=(1, 1), stride=(1, 1))
      (adapter_1): Conv2d(
        128, 256, kernel_size=(1, 1), stride=(1, 1), bias=False
        (norm): GroupNorm(32, 256, eps=1e-05, affine=True)
      )
      (layer_1): Conv2d(
        256, 256, kernel_size=(3, 3), stride=(1, 1), padding=(1, 1), bias=False
        (norm): GroupNorm(32, 256, eps=1e-05, affine=True)
      )
    )
    (predictor): MultiScaleMaskedTransformerDecoder(
      (pe_layer): Positional encoding PositionEmbeddingSine
          num_pos_feats: 128
          temperature: 10000
          normalize: True
          scale: 6.283185307179586
      (transformer_self_attention_layers): ModuleList(
        (0-8): 9 x SelfAttentionLayer(
          (self_attn): MultiheadAttention(
            (out_proj): NonDynamicallyQuantizableLinear(in_features=256, out_features=256, bias=True)
          )
          (norm): LayerNorm((256,), eps=1e-05, elementwise_affine=True)
          (dropout): Dropout(p=0.0, inplace=False)
        )
      )
      (transformer_cross_attention_layers): ModuleList(
        (0-8): 9 x CrossAttentionLayer(
          (multihead_attn): MultiheadAttention(
            (out_proj): NonDynamicallyQuantizableLinear(in_features=256, out_features=256, bias=True)
          )
          (norm): LayerNorm((256,), eps=1e-05, elementwise_affine=True)
          (dropout): Dropout(p=0.0, inplace=False)
        )
      )
      (transformer_ffn_layers): ModuleList(
        (0-8): 9 x FFNLayer(
          (linear1): Linear(in_features=256, out_features=2048, bias=True)
          (dropout): Dropout(p=0.0, inplace=False)
          (linear2): Linear(in_features=2048, out_features=256, bias=True)
          (norm): LayerNorm((256,), eps=1e-05, elementwise_affine=True)
        )
      )
      (decoder_norm): LayerNorm((256,), eps=1e-05, elementwise_affine=True)
      (query_feat): Embedding(100, 256)
      (query_embed): Embedding(100, 256)
      (level_embed): Embedding(3, 256)
      (input_proj): ModuleList(
        (0-2): 3 x Sequential()
      )
      (class_embed): Linear(in_features=256, out_features=20, bias=True)
      (mask_embed): MLP(
        (layers): ModuleList(
          (0-2): 3 x Linear(in_features=256, out_features=256, bias=True)
        )
      )
    )
    (csfd): CSFD(
      in_channels=256, kernel_size=7, params=179.5K
      (low_pass): LearnableGaussianLowPass(
        (conv): Conv2d(256, 256, kernel_size=(7, 7), stride=(1, 1), padding=(3, 3), groups=256, bias=False)
      )
      (style_robustifier): StyleRobustifier(
        (norm): InstanceNorm2d(256, eps=1e-05, momentum=0.1, affine=True, track_running_stats=False)
        (transform): Sequential(
          (0): Conv2d(256, 64, kernel_size=(1, 1), stride=(1, 1), bias=False)
          (1): ReLU(inplace=True)
          (2): Conv2d(64, 256, kernel_size=(1, 1), stride=(1, 1), bias=False)
        )
      )
      (gate): SpatialGate(
        (gate_net): Sequential(
          (0): Conv2d(512, 256, kernel_size=(1, 1), stride=(1, 1), bias=False)
          (1): ReLU(inplace=True)
          (2): Conv2d(256, 256, kernel_size=(3, 3), stride=(1, 1), padding=(1, 1), groups=256, bias=False)
          (3): ReLU(inplace=True)
          (4): Conv2d(256, 1, kernel_size=(1, 1), stride=(1, 1))
        )
      )
    )
  )
  (criterion): Criterion SetCriterion
      matcher: Matcher HungarianMatcher
          cost_class: 2.0
          cost_mask: 5.0
          cost_dice: 5.0
      losses: ['labels', 'masks']
      weight_dict: {'loss_ce': 2.0, 'loss_mask': 5.0, 'loss_dice': 5.0, 'loss_ce_0': 2.0, 'loss_mask_0': 5.0, 'loss_dice_0': 5.0, 'loss_ce_1': 2.0, 'loss_mask_1': 5.0, 'loss_dice_1': 5.0, 'loss_ce_2': 2.0, 'loss_mask_2': 5.0, 'loss_dice_2': 5.0, 'loss_ce_3': 2.0, 'loss_mask_3': 5.0, 'loss_dice_3': 5.0, 'loss_ce_4': 2.0, 'loss_mask_4': 5.0, 'loss_dice_4': 5.0, 'loss_ce_5': 2.0, 'loss_mask_5': 5.0, 'loss_dice_5': 5.0, 'loss_ce_6': 2.0, 'loss_mask_6': 5.0, 'loss_dice_6': 5.0, 'loss_ce_7': 2.0, 'loss_mask_7': 5.0, 'loss_dice_7': 5.0, 'loss_ce_8': 2.0, 'loss_mask_8': 5.0, 'loss_dice_8': 5.0}
      num_classes: 19
      eos_coef: 0.1
      num_points: 12544
      oversample_ratio: 3.0
      importance_sample_ratio: 0.75
)
[08/05 12:33:05 d2.checkpoint.detection_checkpoint]: [DetectionCheckpointer] Loading from experiments/training_outputs/csfd_ablation_robust_only/model_final.pth ...
[08/05 12:33:05 fvcore.common.checkpoint]: [Checkpointer] Loading from experiments/training_outputs/csfd_ablation_robust_only/model_final.pth ...
[08/05 12:33:07 d2.data.dataset_mapper]: [DatasetMapper] Augmentations used in inference: [ResizeShortestEdge(short_edge_length=(1024, 1024), max_size=2048, sample_style='choice')]
[08/05 12:33:07 d2.data.common]: Serializing the dataset using: <class 'detectron2.data.common._TorchSerializedList'>
[08/05 12:33:07 d2.data.common]: Serializing 1000 elements to byte tensors and concatenating them all ...
[08/05 12:33:07 d2.data.common]: Serialized dataset takes 0.23 MiB
[08/05 12:33:08 d2.evaluation.evaluator]: Start inference on 1000 batches
/home/peter/miniconda3/envs/Attention-stability/lib/python3.8/site-packages/torch/functional.py:513: UserWarning: torch.meshgrid: in an upcoming release, it will be required to pass the indexing argument. (Triggered internally at ../aten/src/ATen/native/TensorShape.cpp:3609.)
  return _VF.meshgrid(tensors, **kwargs)  # type: ignore[attr-defined]
/home/peter/miniconda3/envs/Attention-stability/lib/python3.8/site-packages/fvcore/common/checkpoint.py:252: FutureWarning: You are using `torch.load` with `weights_only=False` (the current default value), which uses the default pickle module implicitly. It is possible to construct malicious pickle data which will execute arbitrary code during unpickling (See https://github.com/pytorch/pytorch/blob/main/SECURITY.md#untrusted-models for more details). In a future release, the default value for `weights_only` will be flipped to `True`. This limits the functions that could be executed during unpickling. Arbitrary objects will no longer be allowed to be loaded via this mode unless they are explicitly allowlisted by the user via `torch.serialization.add_safe_globals`. We recommend you start setting `weights_only=True` for any use case where you don't have full control of the loaded file. Please open an issue on GitHub for any issues related to this experimental feature.
  return torch.load(f, map_location=torch.device("cpu"))
[08/05 12:33:12 d2.evaluation.evaluator]: Inference done 11/1000. Dataloading: 0.0018 s/iter. Inference: 0.2286 s/iter. Eval: 0.0286 s/iter. Total: 0.2591 s/iter. ETA=0:04:16
[08/05 12:33:18 d2.evaluation.evaluator]: Inference done 31/1000. Dataloading: 0.0023 s/iter. Inference: 0.2298 s/iter. Eval: 0.0298 s/iter. Total: 0.2620 s/iter. ETA=0:04:13
[08/05 12:33:23 d2.evaluation.evaluator]: Inference done 50/1000. Dataloading: 0.0023 s/iter. Inference: 0.2312 s/iter. Eval: 0.0303 s/iter. Total: 0.2639 s/iter. ETA=0:04:10
[08/05 12:33:28 d2.evaluation.evaluator]: Inference done 69/1000. Dataloading: 0.0024 s/iter. Inference: 0.2311 s/iter. Eval: 0.0304 s/iter. Total: 0.2640 s/iter. ETA=0:04:05
[08/05 12:33:33 d2.evaluation.evaluator]: Inference done 88/1000. Dataloading: 0.0024 s/iter. Inference: 0.2313 s/iter. Eval: 0.0306 s/iter. Total: 0.2643 s/iter. ETA=0:04:01
[08/05 12:33:38 d2.evaluation.evaluator]: Inference done 108/1000. Dataloading: 0.0024 s/iter. Inference: 0.2310 s/iter. Eval: 0.0305 s/iter. Total: 0.2640 s/iter. ETA=0:03:55
[08/05 12:33:43 d2.evaluation.evaluator]: Inference done 128/1000. Dataloading: 0.0024 s/iter. Inference: 0.2308 s/iter. Eval: 0.0304 s/iter. Total: 0.2637 s/iter. ETA=0:03:49
[08/05 12:33:48 d2.evaluation.evaluator]: Inference done 147/1000. Dataloading: 0.0024 s/iter. Inference: 0.2311 s/iter. Eval: 0.0303 s/iter. Total: 0.2639 s/iter. ETA=0:03:45
[08/05 12:33:53 d2.evaluation.evaluator]: Inference done 166/1000. Dataloading: 0.0024 s/iter. Inference: 0.2314 s/iter. Eval: 0.0304 s/iter. Total: 0.2643 s/iter. ETA=0:03:40
[08/05 12:33:58 d2.evaluation.evaluator]: Inference done 185/1000. Dataloading: 0.0024 s/iter. Inference: 0.2319 s/iter. Eval: 0.0305 s/iter. Total: 0.2648 s/iter. ETA=0:03:35
[08/05 12:34:04 d2.evaluation.evaluator]: Inference done 204/1000. Dataloading: 0.0024 s/iter. Inference: 0.2321 s/iter. Eval: 0.0305 s/iter. Total: 0.2651 s/iter. ETA=0:03:30
[08/05 12:34:09 d2.evaluation.evaluator]: Inference done 223/1000. Dataloading: 0.0025 s/iter. Inference: 0.2320 s/iter. Eval: 0.0305 s/iter. Total: 0.2651 s/iter. ETA=0:03:25
[08/05 12:34:14 d2.evaluation.evaluator]: Inference done 242/1000. Dataloading: 0.0025 s/iter. Inference: 0.2322 s/iter. Eval: 0.0305 s/iter. Total: 0.2652 s/iter. ETA=0:03:21
[08/05 12:34:19 d2.evaluation.evaluator]: Inference done 261/1000. Dataloading: 0.0025 s/iter. Inference: 0.2324 s/iter. Eval: 0.0304 s/iter. Total: 0.2653 s/iter. ETA=0:03:16
[08/05 12:34:24 d2.evaluation.evaluator]: Inference done 280/1000. Dataloading: 0.0025 s/iter. Inference: 0.2325 s/iter. Eval: 0.0305 s/iter. Total: 0.2655 s/iter. ETA=0:03:11
[08/05 12:34:29 d2.evaluation.evaluator]: Inference done 299/1000. Dataloading: 0.0025 s/iter. Inference: 0.2329 s/iter. Eval: 0.0304 s/iter. Total: 0.2658 s/iter. ETA=0:03:06
[08/05 12:34:34 d2.evaluation.evaluator]: Inference done 318/1000. Dataloading: 0.0025 s/iter. Inference: 0.2331 s/iter. Eval: 0.0304 s/iter. Total: 0.2661 s/iter. ETA=0:03:01
[08/05 12:34:39 d2.evaluation.evaluator]: Inference done 337/1000. Dataloading: 0.0025 s/iter. Inference: 0.2332 s/iter. Eval: 0.0304 s/iter. Total: 0.2662 s/iter. ETA=0:02:56
[08/05 12:34:44 d2.evaluation.evaluator]: Inference done 356/1000. Dataloading: 0.0025 s/iter. Inference: 0.2333 s/iter. Eval: 0.0303 s/iter. Total: 0.2661 s/iter. ETA=0:02:51
[08/05 12:34:49 d2.evaluation.evaluator]: Inference done 375/1000. Dataloading: 0.0025 s/iter. Inference: 0.2333 s/iter. Eval: 0.0303 s/iter. Total: 0.2662 s/iter. ETA=0:02:46
[08/05 12:34:54 d2.evaluation.evaluator]: Inference done 394/1000. Dataloading: 0.0025 s/iter. Inference: 0.2334 s/iter. Eval: 0.0303 s/iter. Total: 0.2663 s/iter. ETA=0:02:41
[08/05 12:35:00 d2.evaluation.evaluator]: Inference done 413/1000. Dataloading: 0.0025 s/iter. Inference: 0.2336 s/iter. Eval: 0.0304 s/iter. Total: 0.2665 s/iter. ETA=0:02:36
[08/05 12:35:05 d2.evaluation.evaluator]: Inference done 432/1000. Dataloading: 0.0025 s/iter. Inference: 0.2338 s/iter. Eval: 0.0304 s/iter. Total: 0.2667 s/iter. ETA=0:02:31
[08/05 12:35:10 d2.evaluation.evaluator]: Inference done 451/1000. Dataloading: 0.0025 s/iter. Inference: 0.2339 s/iter. Eval: 0.0304 s/iter. Total: 0.2668 s/iter. ETA=0:02:26
[08/05 12:35:15 d2.evaluation.evaluator]: Inference done 470/1000. Dataloading: 0.0025 s/iter. Inference: 0.2339 s/iter. Eval: 0.0304 s/iter. Total: 0.2669 s/iter. ETA=0:02:21
[08/05 12:35:20 d2.evaluation.evaluator]: Inference done 489/1000. Dataloading: 0.0025 s/iter. Inference: 0.2340 s/iter. Eval: 0.0304 s/iter. Total: 0.2669 s/iter. ETA=0:02:16
[08/05 12:35:25 d2.evaluation.evaluator]: Inference done 508/1000. Dataloading: 0.0025 s/iter. Inference: 0.2340 s/iter. Eval: 0.0304 s/iter. Total: 0.2670 s/iter. ETA=0:02:11
[08/05 12:35:30 d2.evaluation.evaluator]: Inference done 527/1000. Dataloading: 0.0025 s/iter. Inference: 0.2341 s/iter. Eval: 0.0303 s/iter. Total: 0.2670 s/iter. ETA=0:02:06
[08/05 12:35:35 d2.evaluation.evaluator]: Inference done 546/1000. Dataloading: 0.0025 s/iter. Inference: 0.2343 s/iter. Eval: 0.0303 s/iter. Total: 0.2672 s/iter. ETA=0:02:01
[08/05 12:35:40 d2.evaluation.evaluator]: Inference done 565/1000. Dataloading: 0.0025 s/iter. Inference: 0.2344 s/iter. Eval: 0.0303 s/iter. Total: 0.2673 s/iter. ETA=0:01:56
[08/05 12:35:46 d2.evaluation.evaluator]: Inference done 584/1000. Dataloading: 0.0025 s/iter. Inference: 0.2345 s/iter. Eval: 0.0303 s/iter. Total: 0.2674 s/iter. ETA=0:01:51
[08/05 12:35:51 d2.evaluation.evaluator]: Inference done 603/1000. Dataloading: 0.0025 s/iter. Inference: 0.2345 s/iter. Eval: 0.0303 s/iter. Total: 0.2674 s/iter. ETA=0:01:46
[08/05 12:35:56 d2.evaluation.evaluator]: Inference done 622/1000. Dataloading: 0.0025 s/iter. Inference: 0.2346 s/iter. Eval: 0.0303 s/iter. Total: 0.2675 s/iter. ETA=0:01:41
[08/05 12:36:01 d2.evaluation.evaluator]: Inference done 641/1000. Dataloading: 0.0025 s/iter. Inference: 0.2346 s/iter. Eval: 0.0303 s/iter. Total: 0.2675 s/iter. ETA=0:01:36
[08/05 12:36:06 d2.evaluation.evaluator]: Inference done 660/1000. Dataloading: 0.0025 s/iter. Inference: 0.2348 s/iter. Eval: 0.0303 s/iter. Total: 0.2677 s/iter. ETA=0:01:31
[08/05 12:36:11 d2.evaluation.evaluator]: Inference done 679/1000. Dataloading: 0.0025 s/iter. Inference: 0.2349 s/iter. Eval: 0.0303 s/iter. Total: 0.2678 s/iter. ETA=0:01:25
[08/05 12:36:16 d2.evaluation.evaluator]: Inference done 698/1000. Dataloading: 0.0025 s/iter. Inference: 0.2350 s/iter. Eval: 0.0304 s/iter. Total: 0.2679 s/iter. ETA=0:01:20
[08/05 12:36:22 d2.evaluation.evaluator]: Inference done 717/1000. Dataloading: 0.0025 s/iter. Inference: 0.2350 s/iter. Eval: 0.0304 s/iter. Total: 0.2680 s/iter. ETA=0:01:15
[08/05 12:36:27 d2.evaluation.evaluator]: Inference done 736/1000. Dataloading: 0.0026 s/iter. Inference: 0.2350 s/iter. Eval: 0.0304 s/iter. Total: 0.2680 s/iter. ETA=0:01:10
[08/05 12:36:32 d2.evaluation.evaluator]: Inference done 755/1000. Dataloading: 0.0026 s/iter. Inference: 0.2350 s/iter. Eval: 0.0303 s/iter. Total: 0.2679 s/iter. ETA=0:01:05
[08/05 12:36:37 d2.evaluation.evaluator]: Inference done 774/1000. Dataloading: 0.0026 s/iter. Inference: 0.2351 s/iter. Eval: 0.0303 s/iter. Total: 0.2680 s/iter. ETA=0:01:00
[08/05 12:36:42 d2.evaluation.evaluator]: Inference done 793/1000. Dataloading: 0.0026 s/iter. Inference: 0.2351 s/iter. Eval: 0.0303 s/iter. Total: 0.2681 s/iter. ETA=0:00:55
[08/05 12:36:47 d2.evaluation.evaluator]: Inference done 812/1000. Dataloading: 0.0026 s/iter. Inference: 0.2352 s/iter. Eval: 0.0303 s/iter. Total: 0.2681 s/iter. ETA=0:00:50
[08/05 12:36:52 d2.evaluation.evaluator]: Inference done 831/1000. Dataloading: 0.0026 s/iter. Inference: 0.2352 s/iter. Eval: 0.0303 s/iter. Total: 0.2681 s/iter. ETA=0:00:45
[08/05 12:36:57 d2.evaluation.evaluator]: Inference done 850/1000. Dataloading: 0.0026 s/iter. Inference: 0.2352 s/iter. Eval: 0.0303 s/iter. Total: 0.2681 s/iter. ETA=0:00:40
[08/05 12:37:02 d2.evaluation.evaluator]: Inference done 869/1000. Dataloading: 0.0026 s/iter. Inference: 0.2352 s/iter. Eval: 0.0303 s/iter. Total: 0.2681 s/iter. ETA=0:00:35
[08/05 12:37:08 d2.evaluation.evaluator]: Inference done 888/1000. Dataloading: 0.0026 s/iter. Inference: 0.2352 s/iter. Eval: 0.0303 s/iter. Total: 0.2681 s/iter. ETA=0:00:30
[08/05 12:37:13 d2.evaluation.evaluator]: Inference done 907/1000. Dataloading: 0.0026 s/iter. Inference: 0.2354 s/iter. Eval: 0.0303 s/iter. Total: 0.2683 s/iter. ETA=0:00:24
[08/05 12:37:18 d2.evaluation.evaluator]: Inference done 926/1000. Dataloading: 0.0026 s/iter. Inference: 0.2354 s/iter. Eval: 0.0303 s/iter. Total: 0.2684 s/iter. ETA=0:00:19
[08/05 12:37:23 d2.evaluation.evaluator]: Inference done 945/1000. Dataloading: 0.0026 s/iter. Inference: 0.2355 s/iter. Eval: 0.0303 s/iter. Total: 0.2684 s/iter. ETA=0:00:14
[08/05 12:37:28 d2.evaluation.evaluator]: Inference done 964/1000. Dataloading: 0.0026 s/iter. Inference: 0.2354 s/iter. Eval: 0.0303 s/iter. Total: 0.2684 s/iter. ETA=0:00:09
[08/05 12:37:33 d2.evaluation.evaluator]: Inference done 983/1000. Dataloading: 0.0026 s/iter. Inference: 0.2354 s/iter. Eval: 0.0303 s/iter. Total: 0.2683 s/iter. ETA=0:00:04
[08/05 12:37:38 d2.evaluation.evaluator]: Total inference time: 0:04:26.999143 (0.268341 s / iter per device, on 1 devices)
[08/05 12:37:38 d2.evaluation.evaluator]: Total inference pure compute time: 0:03:54 (0.235430 s / iter per device, on 1 devices)
[08/05 12:37:38 d2.evaluation.sem_seg_evaluation]: OrderedDict([('sem_seg', {'mIoU': 57.8057412181341, 'fwIoU': 86.44991124327717, 'IoU-road': 92.8196408393988, 'BoundaryIoU-road': 84.27609219217203, 'min(IoU, B-Iou)-road': 84.27609219217203, 'IoU-sidewalk': 58.803803469649154, 'BoundaryIoU-sidewalk': 25.123175370757483, 'min(IoU, B-Iou)-sidewalk': 25.123175370757483, 'IoU-building': 85.93051173481008, 'BoundaryIoU-building': 62.88318245740647, 'min(IoU, B-Iou)-building': 62.88318245740647, 'IoU-wall': 32.29755120571022, 'BoundaryIoU-wall': 24.684781704540796, 'min(IoU, B-Iou)-wall': 24.684781704540796, 'IoU-fence': 48.20800358420076, 'BoundaryIoU-fence': 12.775274538661835, 'min(IoU, B-Iou)-fence': 12.775274538661835, 'IoU-pole': 57.56755763549178, 'BoundaryIoU-pole': 47.158096853194806, 'min(IoU, B-Iou)-pole': 47.158096853194806, 'IoU-traffic light': 55.09597711386186, 'BoundaryIoU-traffic light': 51.191912546942234, 'min(IoU, B-Iou)-traffic light': 51.191912546942234, 'IoU-traffic sign': 56.11245630021904, 'BoundaryIoU-traffic sign': 23.004755390388734, 'min(IoU, B-Iou)-traffic sign': 23.004755390388734, 'IoU-vegetation': 86.71100501814635, 'BoundaryIoU-vegetation': 63.07562075972848, 'min(IoU, B-Iou)-vegetation': 63.07562075972848, 'IoU-terrain': 45.78962036395362, 'BoundaryIoU-terrain': 26.87536445904727, 'min(IoU, B-Iou)-terrain': 26.87536445904727, 'IoU-sky': 93.04323989992042, 'BoundaryIoU-sky': 84.67368089994233, 'min(IoU, B-Iou)-sky': 84.67368089994233, 'IoU-person': 67.7583481328693, 'BoundaryIoU-person': 48.60912786641838, 'min(IoU, B-Iou)-person': 48.60912786641838, 'IoU-rider': 53.308942849555955, 'BoundaryIoU-rider': 22.920509845934735, 'min(IoU, B-Iou)-rider': 22.920509845934735, 'IoU-car': 88.43231383965905, 'BoundaryIoU-car': 0.0, 'min(IoU, B-Iou)-car': 0.0, 'IoU-truck': 44.70020586542171, 'BoundaryIoU-truck': 0.0, 'min(IoU, B-Iou)-truck': 0.0, 'IoU-bus': 27.929608046701254, 'BoundaryIoU-bus': 0.0, 'min(IoU, B-Iou)-bus': 0.0, 'IoU-train': 0.22120937744268707, 'BoundaryIoU-train': 0.0, 'min(IoU, B-Iou)-train': 0.0, 'IoU-motorcycle': 61.57733621319566, 'BoundaryIoU-motorcycle': 0.0, 'min(IoU, B-Iou)-motorcycle': 0.0, 'IoU-bicycle': 42.00175165434021, 'BoundaryIoU-bicycle': 0.0, 'min(IoU, B-Iou)-bicycle': 0.0, 'mACC': 72.81520805251522, 'pACC': 92.0478307651092, 'ACC-road': 95.68752211942784, 'ACC-sidewalk': 80.64645595147786, 'ACC-building': 93.58669715842697, 'ACC-wall': 68.2867613236544, 'ACC-fence': 59.37197803938059, 'ACC-pole': 69.73767603501659, 'ACC-traffic light': 69.18830296835228, 'ACC-traffic sign': 66.12131417491231, 'ACC-vegetation': 92.19357646621515, 'ACC-terrain': 66.63072065080172, 'ACC-sky': 94.21672689658206, 'ACC-person': 80.79612616245, 'ACC-rider': 79.40058447408319, 'ACC-car': 97.2296103940468, 'ACC-truck': 58.28021442250206, 'ACC-bus': 30.045017466528527, 'ACC-train': 5.5740562359524795, 'ACC-motorcycle': 87.56620174768037, 'ACC-bicycle': 88.92941031029794})])
[08/05 12:37:38 d2.engine.defaults]: Evaluation results for bdd100k_sem_seg_val in csv format:
[08/05 12:37:38 d2.evaluation.testing]: copypaste: Task: sem_seg
[08/05 12:37:38 d2.evaluation.testing]: copypaste: mIoU,fwIoU,mACC,pACC
[08/05 12:37:38 d2.evaluation.testing]: copypaste: 57.8057,86.4499,72.8152,92.0478
